// Jest Snapshot v1, https://goo.gl/fbAQLP

exports[`Chart should render correctly and match to the Snapshot 1`] = `
<div
  className="Boxstyled__BoxStyled-sc-12nhtob-0 bOPHwF Chartstyled__StyledWrapper-sc-2zef0p-0 clZRma"
  hidden={false}
/>
`;
